[2021-12-12 23:34:42,012] p30376 {C:/Users/x9247/Desktop/Project/product-ranking-website/myapp.py:28} INFO - this is a info
[2021-12-12 23:34:42,939] p40420 {C:\Users\x9247\Desktop\Project\product-ranking-website\myapp.py:28} INFO - this is a info
[2021-12-12 23:43:05,235] p40424 {C:\Users\x9247\Desktop\Project\product-ranking-website\myapp.py:28} INFO - this is a info
[2021-12-12 23:43:05,241] p40424 {C:/Users/x9247/Desktop/Project/product-ranking-website/myapp.py:28} INFO - this is a info
[2021-12-12 23:43:05,241] p40424 {C:/Users/x9247/Desktop/Project/product-ranking-website/myapp.py:28} INFO - this is a info
[2021-12-12 23:43:06,478] p38656 {C:\Users\x9247\Desktop\Project\product-ranking-website\myapp.py:28} INFO - this is a info
[2021-12-12 23:43:06,484] p38656 {C:\Users\x9247\Desktop\Project\product-ranking-website\myapp.py:28} INFO - this is a info
[2021-12-12 23:43:06,484] p38656 {C:\Users\x9247\Desktop\Project\product-ranking-website\myapp.py:28} INFO - this is a info
[2021-12-12 23:43:08,175] p38656 {C:\Users\x9247\Desktop\Project\product-ranking-website\app\auth\routes.py:38} INFO - this is a info
[2021-12-12 23:43:08,175] p38656 {C:\Users\x9247\Desktop\Project\product-ranking-website\app\auth\routes.py:38} INFO - this is a info
[2021-12-12 23:44:31,126] p37696 {C:\Users\x9247\Desktop\Project\product-ranking-website\myapp.py:28} INFO - this is a info
[2021-12-12 23:44:31,132] p37696 {C:/Users/x9247/Desktop/Project/product-ranking-website/myapp.py:28} INFO - this is a info
[2021-12-12 23:44:31,132] p37696 {C:/Users/x9247/Desktop/Project/product-ranking-website/myapp.py:28} INFO - this is a info
[2021-12-12 23:44:32,023] p37832 {C:\Users\x9247\Desktop\Project\product-ranking-website\myapp.py:28} INFO - this is a info
[2021-12-12 23:44:32,029] p37832 {C:\Users\x9247\Desktop\Project\product-ranking-website\myapp.py:28} INFO - this is a info
[2021-12-12 23:44:32,029] p37832 {C:\Users\x9247\Desktop\Project\product-ranking-website\myapp.py:28} INFO - this is a info
[2021-12-12 23:44:33,409] p37832 {C:\Users\x9247\Desktop\Project\product-ranking-website\app\auth\routes.py:38} INFO - this is a info
[2021-12-12 23:44:33,409] p37832 {C:\Users\x9247\Desktop\Project\product-ranking-website\app\auth\routes.py:38} INFO - this is a info
[2021-12-12 23:46:06,519] p35268 {C:\Users\x9247\Desktop\Project\product-ranking-website\myapp.py:28} INFO - this is a info
[2021-12-12 23:46:06,529] p35268 {C:\Users\x9247\Desktop\Project\product-ranking-website\myapp.py:28} INFO - this is a info
[2021-12-12 23:46:06,529] p35268 {C:\Users\x9247\Desktop\Project\product-ranking-website\myapp.py:28} INFO - this is a info
[2021-12-12 23:48:35,399] p37712 {C:\Users\x9247\Desktop\Project\product-ranking-website\myapp.py:28} INFO - this is a info
[2021-12-12 23:48:35,407] p37712 {C:\Users\x9247\Desktop\Project\product-ranking-website\myapp.py:28} INFO - this is a info
[2021-12-12 23:48:35,407] p37712 {C:\Users\x9247\Desktop\Project\product-ranking-website\myapp.py:28} INFO - this is a info
[2021-12-12 23:48:55,943] p30244 {C:\Users\x9247\Desktop\Project\product-ranking-website\myapp.py:28} INFO - this is a info
[2021-12-12 23:50:36,064] p35508 {C:\Users\x9247\Desktop\Project\product-ranking-website\myapp.py:28} INFO - this is a info
[2021-12-12 23:50:36,071] p35508 {C:/Users/x9247/Desktop/Project/product-ranking-website/myapp.py:28} INFO - this is a info
[2021-12-12 23:50:36,071] p35508 {C:/Users/x9247/Desktop/Project/product-ranking-website/myapp.py:28} INFO - this is a info
[2021-12-12 23:50:37,254] p2972 {C:\Users\x9247\Desktop\Project\product-ranking-website\myapp.py:28} INFO - this is a info
[2021-12-12 23:50:37,261] p2972 {C:\Users\x9247\Desktop\Project\product-ranking-website\myapp.py:28} INFO - this is a info
[2021-12-12 23:50:37,261] p2972 {C:\Users\x9247\Desktop\Project\product-ranking-website\myapp.py:28} INFO - this is a info
[2021-12-29 12:41:21,164] p34156 {C:\Users\x9247\Desktop\Project\product-ranking-website\myapp.py:25} INFO - this is a info
[2021-12-29 12:41:21,171] p34156 {C:/Users/x9247/Desktop/Project/product-ranking-website/myapp.py:25} INFO - this is a info
[2021-12-29 12:41:21,171] p34156 {C:/Users/x9247/Desktop/Project/product-ranking-website/myapp.py:25} INFO - this is a info
[2021-12-29 12:41:21,968] p55636 {C:\Users\x9247\Desktop\Project\product-ranking-website\myapp.py:25} INFO - this is a info
[2021-12-29 12:41:21,974] p55636 {C:\Users\x9247\Desktop\Project\product-ranking-website\myapp.py:25} INFO - this is a info
[2021-12-29 12:41:21,974] p55636 {C:\Users\x9247\Desktop\Project\product-ranking-website\myapp.py:25} INFO - this is a info
[2021-12-29 12:41:25,852] p55636 {C:\Users\x9247\Desktop\Project\product-ranking-website\app\auth\routes.py:38} INFO - this is a info
[2021-12-29 12:41:25,852] p55636 {C:\Users\x9247\Desktop\Project\product-ranking-website\app\auth\routes.py:38} INFO - this is a info
[2021-12-29 12:41:35,877] p55636 {C:\Users\x9247\Desktop\Project\product-ranking-website\app\auth\routes.py:62} INFO - this is a info
[2021-12-29 12:41:35,877] p55636 {C:\Users\x9247\Desktop\Project\product-ranking-website\app\auth\routes.py:62} INFO - this is a info
[2021-12-29 12:54:49,389] p37516 {C:\Users\x9247\Desktop\Project\product-ranking-website\myapp.py:25} INFO - this is a info
[2021-12-29 12:54:49,395] p37516 {C:/Users/x9247/Desktop/Project/product-ranking-website/myapp.py:25} INFO - this is a info
[2021-12-29 12:54:49,395] p37516 {C:/Users/x9247/Desktop/Project/product-ranking-website/myapp.py:25} INFO - this is a info
[2021-12-29 12:54:50,131] p19976 {C:\Users\x9247\Desktop\Project\product-ranking-website\myapp.py:25} INFO - this is a info
[2021-12-29 12:54:50,137] p19976 {C:\Users\x9247\Desktop\Project\product-ranking-website\myapp.py:25} INFO - this is a info
[2021-12-29 12:54:50,137] p19976 {C:\Users\x9247\Desktop\Project\product-ranking-website\myapp.py:25} INFO - this is a info
[2021-12-29 12:54:54,619] p19976 {C:\Users\x9247\Desktop\Project\product-ranking-website\app\auth\routes.py:38} INFO - this is a info
[2021-12-29 12:54:54,619] p19976 {C:\Users\x9247\Desktop\Project\product-ranking-website\app\auth\routes.py:38} INFO - this is a info
[2021-12-29 12:55:00,446] p19976 {C:\Users\x9247\Desktop\Project\product-ranking-website\app\auth\routes.py:38} INFO - this is a info
[2021-12-29 12:55:00,446] p19976 {C:\Users\x9247\Desktop\Project\product-ranking-website\app\auth\routes.py:38} INFO - this is a info
[2021-12-29 12:55:01,142] p19976 {C:\Users\x9247\Desktop\Project\product-ranking-website\app\auth\routes.py:38} INFO - this is a info
[2021-12-29 12:55:01,142] p19976 {C:\Users\x9247\Desktop\Project\product-ranking-website\app\auth\routes.py:38} INFO - this is a info
[2021-12-29 14:13:24,961] p54588 {C:\Users\x9247\Desktop\Project\product-ranking-website\myapp.py:25} INFO - this is a info
[2021-12-29 14:13:24,970] p54588 {C:/Users/x9247/Desktop/Project/product-ranking-website/myapp.py:25} INFO - this is a info
[2021-12-29 14:13:24,970] p54588 {C:/Users/x9247/Desktop/Project/product-ranking-website/myapp.py:25} INFO - this is a info
[2021-12-29 14:13:26,188] p54392 {C:\Users\x9247\Desktop\Project\product-ranking-website\myapp.py:25} INFO - this is a info
[2021-12-29 14:13:26,199] p54392 {C:\Users\x9247\Desktop\Project\product-ranking-website\myapp.py:25} INFO - this is a info
[2021-12-29 14:13:26,199] p54392 {C:\Users\x9247\Desktop\Project\product-ranking-website\myapp.py:25} INFO - this is a info
[2021-12-29 14:13:38,964] p54392 {C:\Users\x9247\Desktop\Project\product-ranking-website\app\auth\routes.py:38} INFO - this is a info
[2021-12-29 14:13:38,964] p54392 {C:\Users\x9247\Desktop\Project\product-ranking-website\app\auth\routes.py:38} INFO - this is a info
[2021-12-29 14:13:39,038] p54392 {C:\Users\x9247\Desktop\Project\product-ranking-website\app\auth\routes.py:38} INFO - this is a info
[2021-12-29 14:13:39,038] p54392 {C:\Users\x9247\Desktop\Project\product-ranking-website\app\auth\routes.py:38} INFO - this is a info
[2021-12-29 14:13:41,900] p54392 {C:\Users\x9247\Desktop\Project\product-ranking-website\app\auth\routes.py:62} INFO - this is a info
[2021-12-29 14:13:41,900] p54392 {C:\Users\x9247\Desktop\Project\product-ranking-website\app\auth\routes.py:62} INFO - this is a info
[2021-12-29 14:13:48,315] p54392 {C:\Users\x9247\Desktop\Project\product-ranking-website\app\auth\routes.py:38} INFO - this is a info
[2021-12-29 14:13:48,315] p54392 {C:\Users\x9247\Desktop\Project\product-ranking-website\app\auth\routes.py:38} INFO - this is a info
[2021-12-29 15:00:48,577] p52176 {C:\Users\x9247\Desktop\Project\product-ranking-website\myapp.py:25} INFO - this is a info
[2021-12-29 15:00:48,586] p52176 {C:/Users/x9247/Desktop/Project/product-ranking-website/myapp.py:25} INFO - this is a info
[2021-12-29 15:00:48,586] p52176 {C:/Users/x9247/Desktop/Project/product-ranking-website/myapp.py:25} INFO - this is a info
[2021-12-29 15:00:49,763] p36224 {C:\Users\x9247\Desktop\Project\product-ranking-website\myapp.py:25} INFO - this is a info
[2021-12-29 15:00:49,772] p36224 {C:\Users\x9247\Desktop\Project\product-ranking-website\myapp.py:25} INFO - this is a info
[2021-12-29 15:00:49,772] p36224 {C:\Users\x9247\Desktop\Project\product-ranking-website\myapp.py:25} INFO - this is a info
[2021-12-29 15:02:48,763] p36224 {C:\Users\x9247\Desktop\Project\product-ranking-website\app\auth\routes.py:38} INFO - this is a info
[2021-12-29 15:02:48,763] p36224 {C:\Users\x9247\Desktop\Project\product-ranking-website\app\auth\routes.py:38} INFO - this is a info
[2021-12-29 15:05:54,438] p35832 {C:\Users\x9247\Desktop\Project\product-ranking-website\myapp.py:25} INFO - this is a info
[2021-12-29 15:05:54,447] p35832 {C:\Users\x9247\Desktop\Project\product-ranking-website\myapp.py:25} INFO - this is a info
[2021-12-29 15:05:54,447] p35832 {C:\Users\x9247\Desktop\Project\product-ranking-website\myapp.py:25} INFO - this is a info
[2021-12-29 15:20:18,887] p17316 {C:\Users\x9247\Desktop\Project\product-ranking-website\myapp.py:25} INFO - this is a info
[2021-12-29 15:20:18,894] p17316 {C:/Users/x9247/Desktop/Project/product-ranking-website/myapp.py:25} INFO - this is a info
[2021-12-29 15:20:18,894] p17316 {C:/Users/x9247/Desktop/Project/product-ranking-website/myapp.py:25} INFO - this is a info
[2021-12-29 15:20:19,670] p56804 {C:\Users\x9247\Desktop\Project\product-ranking-website\myapp.py:25} INFO - this is a info
[2021-12-29 15:20:19,676] p56804 {C:\Users\x9247\Desktop\Project\product-ranking-website\myapp.py:25} INFO - this is a info
[2021-12-29 15:20:19,676] p56804 {C:\Users\x9247\Desktop\Project\product-ranking-website\myapp.py:25} INFO - this is a info
[2021-12-29 15:20:21,022] p56804 {C:\Users\x9247\Desktop\Project\product-ranking-website\app\auth\routes.py:38} INFO - this is a info
[2021-12-29 15:20:21,022] p56804 {C:\Users\x9247\Desktop\Project\product-ranking-website\app\auth\routes.py:38} INFO - this is a info
[2021-12-29 15:30:12,135] p55220 {C:\Users\x9247\Desktop\Project\product-ranking-website\myapp.py:25} INFO - this is a info
[2021-12-29 15:30:12,141] p55220 {C:/Users/x9247/Desktop/Project/product-ranking-website/myapp.py:25} INFO - this is a info
[2021-12-29 15:30:12,141] p55220 {C:/Users/x9247/Desktop/Project/product-ranking-website/myapp.py:25} INFO - this is a info
[2021-12-29 15:30:13,021] p56872 {C:\Users\x9247\Desktop\Project\product-ranking-website\myapp.py:25} INFO - this is a info
[2021-12-29 15:30:13,027] p56872 {C:\Users\x9247\Desktop\Project\product-ranking-website\myapp.py:25} INFO - this is a info
[2021-12-29 15:30:13,027] p56872 {C:\Users\x9247\Desktop\Project\product-ranking-website\myapp.py:25} INFO - this is a info
[2021-12-29 15:30:14,424] p56872 {C:\Users\x9247\Desktop\Project\product-ranking-website\app\auth\routes.py:38} INFO - this is a info
[2021-12-29 15:30:14,424] p56872 {C:\Users\x9247\Desktop\Project\product-ranking-website\app\auth\routes.py:38} INFO - this is a info
[2021-12-29 15:34:40,649] p57380 {C:\Users\x9247\Desktop\Project\product-ranking-website\myapp.py:25} INFO - this is a info
[2021-12-29 15:34:40,656] p57380 {C:/Users/x9247/Desktop/Project/product-ranking-website/myapp.py:25} INFO - this is a info
[2021-12-29 15:34:40,656] p57380 {C:/Users/x9247/Desktop/Project/product-ranking-website/myapp.py:25} INFO - this is a info
[2021-12-29 15:34:41,604] p57704 {C:\Users\x9247\Desktop\Project\product-ranking-website\myapp.py:25} INFO - this is a info
[2021-12-29 15:34:41,610] p57704 {C:\Users\x9247\Desktop\Project\product-ranking-website\myapp.py:25} INFO - this is a info
[2021-12-29 15:34:41,610] p57704 {C:\Users\x9247\Desktop\Project\product-ranking-website\myapp.py:25} INFO - this is a info
[2021-12-29 15:34:43,085] p57704 {C:\Users\x9247\Desktop\Project\product-ranking-website\app\auth\routes.py:38} INFO - this is a info
[2021-12-29 15:34:43,085] p57704 {C:\Users\x9247\Desktop\Project\product-ranking-website\app\auth\routes.py:38} INFO - this is a info
[2021-12-29 15:36:34,647] p57432 {C:\Users\x9247\Desktop\Project\product-ranking-website\myapp.py:25} INFO - this is a info
[2021-12-29 15:36:34,654] p57432 {C:/Users/x9247/Desktop/Project/product-ranking-website/myapp.py:25} INFO - this is a info
[2021-12-29 15:36:34,654] p57432 {C:/Users/x9247/Desktop/Project/product-ranking-website/myapp.py:25} INFO - this is a info
[2021-12-29 15:36:35,607] p52148 {C:\Users\x9247\Desktop\Project\product-ranking-website\myapp.py:25} INFO - this is a info
[2021-12-29 15:36:35,614] p52148 {C:\Users\x9247\Desktop\Project\product-ranking-website\myapp.py:25} INFO - this is a info
[2021-12-29 15:36:35,614] p52148 {C:\Users\x9247\Desktop\Project\product-ranking-website\myapp.py:25} INFO - this is a info
[2021-12-29 15:36:38,231] p57680 {C:\Users\x9247\Desktop\Project\product-ranking-website\myapp.py:25} INFO - this is a info
[2021-12-29 15:36:38,237] p57680 {C:\Users\x9247\Desktop\Project\product-ranking-website\myapp.py:25} INFO - this is a info
[2021-12-29 15:36:38,237] p57680 {C:\Users\x9247\Desktop\Project\product-ranking-website\myapp.py:25} INFO - this is a info
[2021-12-29 15:36:38,538] p57680 {C:\Users\x9247\Desktop\Project\product-ranking-website\app\auth\routes.py:38} INFO - this is a info
[2021-12-29 15:36:38,538] p57680 {C:\Users\x9247\Desktop\Project\product-ranking-website\app\auth\routes.py:38} INFO - this is a info
[2021-12-29 15:37:33,191] p53512 {C:\Users\x9247\Desktop\Project\product-ranking-website\myapp.py:25} INFO - this is a info
[2021-12-29 15:37:33,197] p53512 {C:/Users/x9247/Desktop/Project/product-ranking-website/myapp.py:25} INFO - this is a info
[2021-12-29 15:37:33,197] p53512 {C:/Users/x9247/Desktop/Project/product-ranking-website/myapp.py:25} INFO - this is a info
[2021-12-29 15:37:34,045] p56696 {C:\Users\x9247\Desktop\Project\product-ranking-website\myapp.py:25} INFO - this is a info
[2021-12-29 15:37:34,051] p56696 {C:\Users\x9247\Desktop\Project\product-ranking-website\myapp.py:25} INFO - this is a info
[2021-12-29 15:37:34,051] p56696 {C:\Users\x9247\Desktop\Project\product-ranking-website\myapp.py:25} INFO - this is a info
[2021-12-29 15:37:35,343] p56696 {C:\Users\x9247\Desktop\Project\product-ranking-website\app\auth\routes.py:38} INFO - this is a info
[2021-12-29 15:37:35,343] p56696 {C:\Users\x9247\Desktop\Project\product-ranking-website\app\auth\routes.py:38} INFO - this is a info
[2021-12-29 15:38:39,892] p56980 {C:\Users\x9247\Desktop\Project\product-ranking-website\myapp.py:25} INFO - this is a info
[2021-12-29 15:38:39,899] p56980 {C:/Users/x9247/Desktop/Project/product-ranking-website/myapp.py:25} INFO - this is a info
[2021-12-29 15:38:39,899] p56980 {C:/Users/x9247/Desktop/Project/product-ranking-website/myapp.py:25} INFO - this is a info
[2021-12-29 15:38:40,687] p56172 {C:\Users\x9247\Desktop\Project\product-ranking-website\myapp.py:25} INFO - this is a info
[2021-12-29 15:38:40,693] p56172 {C:\Users\x9247\Desktop\Project\product-ranking-website\myapp.py:25} INFO - this is a info
[2021-12-29 15:38:40,693] p56172 {C:\Users\x9247\Desktop\Project\product-ranking-website\myapp.py:25} INFO - this is a info
[2021-12-29 15:38:42,154] p56172 {C:\Users\x9247\Desktop\Project\product-ranking-website\app\auth\routes.py:38} INFO - this is a info
[2021-12-29 15:38:42,154] p56172 {C:\Users\x9247\Desktop\Project\product-ranking-website\app\auth\routes.py:38} INFO - this is a info
[2021-12-29 15:38:58,861] p56172 {C:\Users\x9247\Desktop\Project\product-ranking-website\app\auth\routes.py:38} INFO - this is a info
[2021-12-29 15:38:58,861] p56172 {C:\Users\x9247\Desktop\Project\product-ranking-website\app\auth\routes.py:38} INFO - this is a info
[2021-12-29 15:54:12,398] p58104 {C:\Users\x9247\Desktop\Project\product-ranking-website\myapp.py:25} INFO - this is a info
[2021-12-29 15:54:12,404] p58104 {C:/Users/x9247/Desktop/Project/product-ranking-website/myapp.py:25} INFO - this is a info
[2021-12-29 15:54:12,404] p58104 {C:/Users/x9247/Desktop/Project/product-ranking-website/myapp.py:25} INFO - this is a info
[2021-12-29 15:54:13,199] p55328 {C:\Users\x9247\Desktop\Project\product-ranking-website\myapp.py:25} INFO - this is a info
[2021-12-29 15:54:13,205] p55328 {C:\Users\x9247\Desktop\Project\product-ranking-website\myapp.py:25} INFO - this is a info
[2021-12-29 15:54:13,205] p55328 {C:\Users\x9247\Desktop\Project\product-ranking-website\myapp.py:25} INFO - this is a info
[2021-12-29 15:54:15,077] p55328 {C:\Users\x9247\Desktop\Project\product-ranking-website\app\auth\routes.py:38} INFO - this is a info
[2021-12-29 15:54:15,077] p55328 {C:\Users\x9247\Desktop\Project\product-ranking-website\app\auth\routes.py:38} INFO - this is a info
[2021-12-29 15:56:05,316] p59016 {C:\Users\x9247\Desktop\Project\product-ranking-website\myapp.py:25} INFO - this is a info
[2021-12-29 15:56:05,322] p59016 {C:/Users/x9247/Desktop/Project/product-ranking-website/myapp.py:25} INFO - this is a info
[2021-12-29 15:56:05,322] p59016 {C:/Users/x9247/Desktop/Project/product-ranking-website/myapp.py:25} INFO - this is a info
[2021-12-29 15:56:06,159] p59216 {C:\Users\x9247\Desktop\Project\product-ranking-website\myapp.py:25} INFO - this is a info
[2021-12-29 15:56:06,166] p59216 {C:\Users\x9247\Desktop\Project\product-ranking-website\myapp.py:25} INFO - this is a info
[2021-12-29 15:56:06,166] p59216 {C:\Users\x9247\Desktop\Project\product-ranking-website\myapp.py:25} INFO - this is a info
[2021-12-29 15:56:07,371] p59216 {C:\Users\x9247\Desktop\Project\product-ranking-website\app\auth\routes.py:38} INFO - this is a info
[2021-12-29 15:56:07,371] p59216 {C:\Users\x9247\Desktop\Project\product-ranking-website\app\auth\routes.py:38} INFO - this is a info
[2021-12-29 15:57:22,950] p49856 {C:\Users\x9247\Desktop\Project\product-ranking-website\myapp.py:25} INFO - this is a info
[2021-12-29 15:57:22,955] p49856 {C:/Users/x9247/Desktop/Project/product-ranking-website/myapp.py:25} INFO - this is a info
[2021-12-29 15:57:22,955] p49856 {C:/Users/x9247/Desktop/Project/product-ranking-website/myapp.py:25} INFO - this is a info
[2021-12-29 15:57:23,773] p59000 {C:\Users\x9247\Desktop\Project\product-ranking-website\myapp.py:25} INFO - this is a info
[2021-12-29 15:57:23,778] p59000 {C:\Users\x9247\Desktop\Project\product-ranking-website\myapp.py:25} INFO - this is a info
[2021-12-29 15:57:23,778] p59000 {C:\Users\x9247\Desktop\Project\product-ranking-website\myapp.py:25} INFO - this is a info
[2021-12-29 15:57:25,920] p59000 {C:\Users\x9247\Desktop\Project\product-ranking-website\app\auth\routes.py:38} INFO - this is a info
[2021-12-29 15:57:25,920] p59000 {C:\Users\x9247\Desktop\Project\product-ranking-website\app\auth\routes.py:38} INFO - this is a info
[2021-12-29 15:59:22,389] p58840 {C:\Users\x9247\Desktop\Project\product-ranking-website\myapp.py:25} INFO - this is a info
[2021-12-29 15:59:22,401] p58840 {C:/Users/x9247/Desktop/Project/product-ranking-website/myapp.py:25} INFO - this is a info
[2021-12-29 15:59:22,401] p58840 {C:/Users/x9247/Desktop/Project/product-ranking-website/myapp.py:25} INFO - this is a info
[2021-12-29 15:59:23,193] p45764 {C:\Users\x9247\Desktop\Project\product-ranking-website\myapp.py:25} INFO - this is a info
[2021-12-29 15:59:23,199] p45764 {C:\Users\x9247\Desktop\Project\product-ranking-website\myapp.py:25} INFO - this is a info
[2021-12-29 15:59:23,199] p45764 {C:\Users\x9247\Desktop\Project\product-ranking-website\myapp.py:25} INFO - this is a info
[2021-12-29 15:59:24,426] p45764 {C:\Users\x9247\Desktop\Project\product-ranking-website\app\auth\routes.py:38} INFO - this is a info
[2021-12-29 15:59:24,426] p45764 {C:\Users\x9247\Desktop\Project\product-ranking-website\app\auth\routes.py:38} INFO - this is a info
[2021-12-29 16:00:24,065] p60120 {C:\Users\x9247\Desktop\Project\product-ranking-website\myapp.py:25} INFO - this is a info
[2021-12-29 16:00:24,071] p60120 {C:/Users/x9247/Desktop/Project/product-ranking-website/myapp.py:25} INFO - this is a info
[2021-12-29 16:00:24,071] p60120 {C:/Users/x9247/Desktop/Project/product-ranking-website/myapp.py:25} INFO - this is a info
[2021-12-29 16:00:24,870] p60324 {C:\Users\x9247\Desktop\Project\product-ranking-website\myapp.py:25} INFO - this is a info
[2021-12-29 16:00:24,876] p60324 {C:\Users\x9247\Desktop\Project\product-ranking-website\myapp.py:25} INFO - this is a info
[2021-12-29 16:00:24,876] p60324 {C:\Users\x9247\Desktop\Project\product-ranking-website\myapp.py:25} INFO - this is a info
[2021-12-29 16:00:26,685] p60324 {C:\Users\x9247\Desktop\Project\product-ranking-website\app\auth\routes.py:38} INFO - this is a info
[2021-12-29 16:00:26,685] p60324 {C:\Users\x9247\Desktop\Project\product-ranking-website\app\auth\routes.py:38} INFO - this is a info
[2021-12-29 16:01:06,155] p59580 {C:\Users\x9247\Desktop\Project\product-ranking-website\myapp.py:25} INFO - this is a info
[2021-12-29 16:01:06,161] p59580 {C:/Users/x9247/Desktop/Project/product-ranking-website/myapp.py:25} INFO - this is a info
[2021-12-29 16:01:06,161] p59580 {C:/Users/x9247/Desktop/Project/product-ranking-website/myapp.py:25} INFO - this is a info
[2021-12-29 16:01:06,991] p60252 {C:\Users\x9247\Desktop\Project\product-ranking-website\myapp.py:25} INFO - this is a info
[2021-12-29 16:01:06,997] p60252 {C:\Users\x9247\Desktop\Project\product-ranking-website\myapp.py:25} INFO - this is a info
[2021-12-29 16:01:06,997] p60252 {C:\Users\x9247\Desktop\Project\product-ranking-website\myapp.py:25} INFO - this is a info
[2021-12-29 16:01:08,283] p60252 {C:\Users\x9247\Desktop\Project\product-ranking-website\app\auth\routes.py:38} INFO - this is a info
[2021-12-29 16:01:08,283] p60252 {C:\Users\x9247\Desktop\Project\product-ranking-website\app\auth\routes.py:38} INFO - this is a info
[2021-12-29 16:08:46,897] p57168 {C:\Users\x9247\Desktop\Project\product-ranking-website\myapp.py:25} INFO - this is a info
[2021-12-29 16:08:46,903] p57168 {C:/Users/x9247/Desktop/Project/product-ranking-website/myapp.py:25} INFO - this is a info
[2021-12-29 16:08:46,903] p57168 {C:/Users/x9247/Desktop/Project/product-ranking-website/myapp.py:25} INFO - this is a info
[2021-12-29 16:08:47,783] p37248 {C:\Users\x9247\Desktop\Project\product-ranking-website\myapp.py:25} INFO - this is a info
[2021-12-29 16:08:47,789] p37248 {C:\Users\x9247\Desktop\Project\product-ranking-website\myapp.py:25} INFO - this is a info
[2021-12-29 16:08:47,789] p37248 {C:\Users\x9247\Desktop\Project\product-ranking-website\myapp.py:25} INFO - this is a info
[2021-12-29 16:08:49,019] p37248 {C:\Users\x9247\Desktop\Project\product-ranking-website\app\auth\routes.py:38} INFO - this is a info
[2021-12-29 16:08:49,019] p37248 {C:\Users\x9247\Desktop\Project\product-ranking-website\app\auth\routes.py:38} INFO - this is a info
[2021-12-29 16:09:24,578] p37248 {C:\Users\x9247\Desktop\Project\product-ranking-website\app\auth\routes.py:38} INFO - this is a info
[2021-12-29 16:09:24,578] p37248 {C:\Users\x9247\Desktop\Project\product-ranking-website\app\auth\routes.py:38} INFO - this is a info
[2021-12-29 16:09:44,234] p37248 {C:\Users\x9247\Desktop\Project\product-ranking-website\app\auth\routes.py:38} INFO - this is a info
[2021-12-29 16:09:44,234] p37248 {C:\Users\x9247\Desktop\Project\product-ranking-website\app\auth\routes.py:38} INFO - this is a info
[2021-12-29 16:09:45,143] p37248 {C:\Users\x9247\Desktop\Project\product-ranking-website\app\auth\routes.py:38} INFO - this is a info
[2021-12-29 16:09:45,143] p37248 {C:\Users\x9247\Desktop\Project\product-ranking-website\app\auth\routes.py:38} INFO - this is a info
[2021-12-29 16:57:20,079] p37248 {C:\Users\x9247\Desktop\Project\product-ranking-website\app\auth\routes.py:38} INFO - this is a info
[2021-12-29 16:57:20,079] p37248 {C:\Users\x9247\Desktop\Project\product-ranking-website\app\auth\routes.py:38} INFO - this is a info
[2021-12-29 16:57:20,795] p37248 {C:\Users\x9247\Desktop\Project\product-ranking-website\app\auth\routes.py:38} INFO - this is a info
[2021-12-29 16:57:20,795] p37248 {C:\Users\x9247\Desktop\Project\product-ranking-website\app\auth\routes.py:38} INFO - this is a info
[2021-12-29 16:57:21,516] p37248 {C:\Users\x9247\Desktop\Project\product-ranking-website\app\auth\routes.py:38} INFO - this is a info
[2021-12-29 16:57:21,516] p37248 {C:\Users\x9247\Desktop\Project\product-ranking-website\app\auth\routes.py:38} INFO - this is a info
[2021-12-29 16:57:28,480] p39836 {C:\Users\x9247\Desktop\Project\product-ranking-website\myapp.py:25} INFO - this is a info
[2021-12-29 16:57:28,491] p39836 {C:/Users/x9247/Desktop/Project/product-ranking-website/myapp.py:25} INFO - this is a info
[2021-12-29 16:57:28,491] p39836 {C:/Users/x9247/Desktop/Project/product-ranking-website/myapp.py:25} INFO - this is a info
[2021-12-29 16:57:29,650] p52812 {C:\Users\x9247\Desktop\Project\product-ranking-website\myapp.py:25} INFO - this is a info
[2021-12-29 16:57:29,661] p52812 {C:\Users\x9247\Desktop\Project\product-ranking-website\myapp.py:25} INFO - this is a info
[2021-12-29 16:57:29,661] p52812 {C:\Users\x9247\Desktop\Project\product-ranking-website\myapp.py:25} INFO - this is a info
[2021-12-29 16:57:32,112] p52812 {C:\Users\x9247\Desktop\Project\product-ranking-website\app\auth\routes.py:38} INFO - this is a info
[2021-12-29 16:57:32,112] p52812 {C:\Users\x9247\Desktop\Project\product-ranking-website\app\auth\routes.py:38} INFO - this is a info
[2021-12-29 16:57:52,414] p57508 {C:\Users\x9247\Desktop\Project\product-ranking-website\myapp.py:25} INFO - this is a info
[2021-12-29 16:57:52,421] p57508 {C:/Users/x9247/Desktop/Project/product-ranking-website/myapp.py:25} INFO - this is a info
[2021-12-29 16:57:52,421] p57508 {C:/Users/x9247/Desktop/Project/product-ranking-website/myapp.py:25} INFO - this is a info
[2021-12-29 16:57:53,211] p56468 {C:\Users\x9247\Desktop\Project\product-ranking-website\myapp.py:25} INFO - this is a info
[2021-12-29 16:57:53,217] p56468 {C:\Users\x9247\Desktop\Project\product-ranking-website\myapp.py:25} INFO - this is a info
[2021-12-29 16:57:53,217] p56468 {C:\Users\x9247\Desktop\Project\product-ranking-website\myapp.py:25} INFO - this is a info
[2021-12-29 16:57:54,970] p56468 {C:\Users\x9247\Desktop\Project\product-ranking-website\app\auth\routes.py:38} INFO - this is a info
[2021-12-29 16:57:54,970] p56468 {C:\Users\x9247\Desktop\Project\product-ranking-website\app\auth\routes.py:38} INFO - this is a info
[2021-12-29 16:59:18,111] p56916 {C:\Users\x9247\Desktop\Project\product-ranking-website\myapp.py:25} INFO - this is a info
[2021-12-29 16:59:18,118] p56916 {C:/Users/x9247/Desktop/Project/product-ranking-website/myapp.py:25} INFO - this is a info
[2021-12-29 16:59:18,118] p56916 {C:/Users/x9247/Desktop/Project/product-ranking-website/myapp.py:25} INFO - this is a info
[2021-12-29 16:59:18,955] p55716 {C:\Users\x9247\Desktop\Project\product-ranking-website\myapp.py:25} INFO - this is a info
[2021-12-29 16:59:18,963] p55716 {C:\Users\x9247\Desktop\Project\product-ranking-website\myapp.py:25} INFO - this is a info
[2021-12-29 16:59:18,963] p55716 {C:\Users\x9247\Desktop\Project\product-ranking-website\myapp.py:25} INFO - this is a info
[2021-12-29 16:59:20,324] p55716 {C:\Users\x9247\Desktop\Project\product-ranking-website\app\auth\routes.py:38} INFO - this is a info
[2021-12-29 16:59:20,324] p55716 {C:\Users\x9247\Desktop\Project\product-ranking-website\app\auth\routes.py:38} INFO - this is a info
[2021-12-29 17:13:15,120] p58816 {C:\Users\x9247\Desktop\Project\product-ranking-website\myapp.py:25} INFO - this is a info
[2021-12-29 17:13:15,129] p58816 {C:/Users/x9247/Desktop/Project/product-ranking-website/myapp.py:25} INFO - this is a info
[2021-12-29 17:13:15,129] p58816 {C:/Users/x9247/Desktop/Project/product-ranking-website/myapp.py:25} INFO - this is a info
[2021-12-29 17:13:16,284] p60112 {C:\Users\x9247\Desktop\Project\product-ranking-website\myapp.py:25} INFO - this is a info
[2021-12-29 17:13:16,293] p60112 {C:\Users\x9247\Desktop\Project\product-ranking-website\myapp.py:25} INFO - this is a info
[2021-12-29 17:13:16,293] p60112 {C:\Users\x9247\Desktop\Project\product-ranking-website\myapp.py:25} INFO - this is a info
[2021-12-29 17:13:18,609] p60112 {C:\Users\x9247\Desktop\Project\product-ranking-website\app\auth\routes.py:38} INFO - this is a info
[2021-12-29 17:13:18,609] p60112 {C:\Users\x9247\Desktop\Project\product-ranking-website\app\auth\routes.py:38} INFO - this is a info
[2021-12-29 17:13:21,552] p60112 {C:\Users\x9247\Desktop\Project\product-ranking-website\app\auth\routes.py:91} INFO - this is a info
[2021-12-29 17:13:21,552] p60112 {C:\Users\x9247\Desktop\Project\product-ranking-website\app\auth\routes.py:91} INFO - this is a info
[2021-12-29 17:13:21,570] p60112 {C:\Users\x9247\Desktop\Project\product-ranking-website\app\auth\routes.py:38} INFO - this is a info
[2021-12-29 17:13:21,570] p60112 {C:\Users\x9247\Desktop\Project\product-ranking-website\app\auth\routes.py:38} INFO - this is a info
[2021-12-29 17:13:22,788] p60112 {C:\Users\x9247\Desktop\Project\product-ranking-website\app\auth\routes.py:62} INFO - this is a info
[2021-12-29 17:13:22,788] p60112 {C:\Users\x9247\Desktop\Project\product-ranking-website\app\auth\routes.py:62} INFO - this is a info
[2021-12-29 17:13:28,782] p60112 {C:\Users\x9247\Desktop\Project\product-ranking-website\app\auth\routes.py:60} ERROR - this is a error
[2021-12-29 17:13:28,782] p60112 {C:\Users\x9247\Desktop\Project\product-ranking-website\app\auth\routes.py:60} ERROR - this is a error
[2021-12-29 17:13:28,789] p60112 {C:\Users\x9247\Desktop\Project\product-ranking-website\app\auth\routes.py:62} INFO - this is a info
[2021-12-29 17:13:28,789] p60112 {C:\Users\x9247\Desktop\Project\product-ranking-website\app\auth\routes.py:62} INFO - this is a info
[2021-12-29 17:13:37,154] p60112 {C:\Users\x9247\Desktop\Project\product-ranking-website\app\auth\routes.py:82} INFO - this is a info
[2021-12-29 17:13:37,154] p60112 {C:\Users\x9247\Desktop\Project\product-ranking-website\app\auth\routes.py:82} INFO - this is a info
[2021-12-29 17:19:46,108] p60112 {C:\Users\x9247\Desktop\Project\product-ranking-website\app\auth\routes.py:82} INFO - this is a info
[2021-12-29 17:19:46,108] p60112 {C:\Users\x9247\Desktop\Project\product-ranking-website\app\auth\routes.py:82} INFO - this is a info
[2021-12-29 17:19:46,979] p60112 {C:\Users\x9247\Desktop\Project\product-ranking-website\app\auth\routes.py:82} INFO - this is a info
[2021-12-29 17:19:46,979] p60112 {C:\Users\x9247\Desktop\Project\product-ranking-website\app\auth\routes.py:82} INFO - this is a info
[2021-12-29 17:23:46,450] p61176 {C:\Users\x9247\Desktop\Project\product-ranking-website\myapp.py:25} INFO - this is a info
[2021-12-29 17:23:46,456] p61176 {C:\Users\x9247\Desktop\Project\product-ranking-website\myapp.py:25} INFO - this is a info
[2021-12-29 17:23:46,456] p61176 {C:\Users\x9247\Desktop\Project\product-ranking-website\myapp.py:25} INFO - this is a info
[2021-12-29 17:28:30,544] p57676 {C:\Users\x9247\Desktop\Project\product-ranking-website\myapp.py:25} INFO - this is a info
[2021-12-29 17:28:30,551] p57676 {C:/Users/x9247/Desktop/Project/product-ranking-website/myapp.py:25} INFO - this is a info
[2021-12-29 17:28:30,551] p57676 {C:/Users/x9247/Desktop/Project/product-ranking-website/myapp.py:25} INFO - this is a info
[2021-12-29 17:28:31,291] p59652 {C:\Users\x9247\Desktop\Project\product-ranking-website\myapp.py:25} INFO - this is a info
[2021-12-29 17:28:31,297] p59652 {C:\Users\x9247\Desktop\Project\product-ranking-website\myapp.py:25} INFO - this is a info
[2021-12-29 17:28:31,297] p59652 {C:\Users\x9247\Desktop\Project\product-ranking-website\myapp.py:25} INFO - this is a info
[2021-12-29 17:28:33,181] p59652 {C:\Users\x9247\Desktop\Project\product-ranking-website\app\auth\routes.py:38} INFO - this is a info
[2021-12-29 17:28:33,181] p59652 {C:\Users\x9247\Desktop\Project\product-ranking-website\app\auth\routes.py:38} INFO - this is a info
[2021-12-29 17:28:36,103] p59652 {C:\Users\x9247\Desktop\Project\product-ranking-website\app\auth\routes.py:62} INFO - this is a info
[2021-12-29 17:28:36,103] p59652 {C:\Users\x9247\Desktop\Project\product-ranking-website\app\auth\routes.py:62} INFO - this is a info
[2021-12-29 17:28:41,593] p59652 {C:\Users\x9247\Desktop\Project\product-ranking-website\app\auth\routes.py:60} ERROR - this is a error
[2021-12-29 17:28:41,593] p59652 {C:\Users\x9247\Desktop\Project\product-ranking-website\app\auth\routes.py:60} ERROR - this is a error
[2021-12-29 17:28:41,597] p59652 {C:\Users\x9247\Desktop\Project\product-ranking-website\app\auth\routes.py:62} INFO - this is a info
[2021-12-29 17:28:41,597] p59652 {C:\Users\x9247\Desktop\Project\product-ranking-website\app\auth\routes.py:62} INFO - this is a info
[2021-12-29 17:28:45,723] p59652 {C:\Users\x9247\Desktop\Project\product-ranking-website\app\auth\routes.py:60} ERROR - this is a error
[2021-12-29 17:28:45,723] p59652 {C:\Users\x9247\Desktop\Project\product-ranking-website\app\auth\routes.py:60} ERROR - this is a error
[2021-12-29 17:28:45,727] p59652 {C:\Users\x9247\Desktop\Project\product-ranking-website\app\auth\routes.py:62} INFO - this is a info
[2021-12-29 17:28:45,727] p59652 {C:\Users\x9247\Desktop\Project\product-ranking-website\app\auth\routes.py:62} INFO - this is a info
[2021-12-29 17:28:49,797] p59652 {C:\Users\x9247\Desktop\Project\product-ranking-website\app\auth\routes.py:38} INFO - this is a info
[2021-12-29 17:28:49,797] p59652 {C:\Users\x9247\Desktop\Project\product-ranking-website\app\auth\routes.py:38} INFO - this is a info
